[     148ms] Object
[     693ms] [INFO] Config Editor Fullpage 1.0.0 @ http://localhost:15130/local/config-editor-fullpage.js?v=2:0
[    2230ms] Object
[    2557ms] [INFO] Config Editor Fullpage 1.0.0 @ http://localhost:15130/local/config-editor-fullpage.js?v=2:0
[  179962ms] [INFO] Config Editor Fullpage 1.0.0 @ http://localhost:15130/local/config-editor-fullpage.js?v=2:0
[  255417ms] [INFO] Config Editor Fullpage 1.0.0 @ http://localhost:15130/local/config-editor-fullpage.js?v=2:0
[  316656ms] TypeError: Cannot read properties of null (reading 'recovery_mode')
    at _._applyTheme (http://localhost:15130/frontend_latest/app.64d32f86739f0688.js:51:25310)
    at Array.t (http://localhost:15130/frontend_latest/app.64d32f86739f0688.js:51:25200)
    at Object.r [as setState] (http://localhost:15130/frontend_latest/core.5cdce5e839456b7c.js:1:42994)
    at http://localhost:15130/frontend_latest/core.5cdce5e839456b7c.js:1:43540
[  316887ms] [INFO] Config Editor Fullpage 1.0.0 @ http://localhost:15130/local/config-editor-fullpage.js?v=2:0
[  317063ms] [ERROR] Failed to load resource: the server responded with a status of 404 (Not Found) @ http://localhost:15130/unknown/node_modules/home-assistant-js-websocket/dist/store.js:0
[  317065ms] [ERROR] Failed to load resource: the server responded with a status of 404 (Not Found) @ http://localhost:15130/unknown/node_modules/home-assistant-js-websocket/dist/collection.js:0
[  328918ms] Object
[  329292ms] [INFO] Config Editor Fullpage 1.0.0 @ http://localhost:15130/local/config-editor-fullpage.js?v=2:0
[  394474ms] [INFO] Config Editor Fullpage 1.0.0 @ http://localhost:15130/local/config-editor-fullpage.js?v=2:0
[  399526ms] [INFO] Autofocus processing was blocked because a document already has a focused element. @ http://localhost:15130/auth/authorize?response_type=code&redirect_uri=http%3A%2F%2Flocalhost%3A15130%2Fconfig-editor%2F0%3Fauth_callback%3D1&client_id=http%3A%2F%2Flocalhost%3A15130%2F&state=eyJoYXNzVXJsIjoiaHR0cDovL2xvY2FsaG9zdDoxNTEzMCIsImNsaWVudElkIjoiaHR0cDovL2xvY2FsaG9zdDoxNTEzMC8ifQ%3D%3D:0
[  444367ms] [INFO] Autofocus processing was blocked because a document already has a focused element. @ http://localhost:15130/auth/authorize?response_type=code&redirect_uri=http%3A%2F%2Flocalhost%3A15130%2Fconfig-editor%2F0%3Fauth_callback%3D1&client_id=http%3A%2F%2Flocalhost%3A15130%2F&state=eyJoYXNzVXJsIjoiaHR0cDovL2xvY2FsaG9zdDoxNTEzMCIsImNsaWVudElkIjoiaHR0cDovL2xvY2FsaG9zdDoxNTEzMC8ifQ%3D%3D:0
[  462601ms] [INFO] Autofocus processing was blocked because a document already has a focused element. @ http://localhost:15130/auth/authorize?response_type=code&redirect_uri=http%3A%2F%2Flocalhost%3A15130%2Fconfig-editor%2F0%3Fauth_callback%3D1&client_id=http%3A%2F%2Flocalhost%3A15130%2F&state=eyJoYXNzVXJsIjoiaHR0cDovL2xvY2FsaG9zdDoxNTEzMCIsImNsaWVudElkIjoiaHR0cDovL2xvY2FsaG9zdDoxNTEzMC8ifQ%3D%3D:0
